Microsoft (R) Macro Assembler Version 14.28.29336.0	    03/22/21 02:56:42
:Low-Level I/O Procedures     (low-level-io-procedures.asm   Page 1 - 1


				TITLE Low-Level I/O Procedures     (low-level-io-procedures.asm)

				; Author: Richard Ngo-Lam
				; Last Modified: 3/14/2021
				; Email address: rngolam@gmail.com
				; Description: This program will implement macros for string processing in order to validate and convert a user's
				;	numeric string inputs to integers, calculate the sum and average of the integers, then cast the values back
				;	to strings and display the results.

				INCLUDE Irvine32.inc
			      C ; Include file for Irvine32.lib             (Irvine32.inc)
			      C 
			      C ;OPTION CASEMAP:NONE		; optional: make identifiers case-sensitive
			      C 
			      C INCLUDE SmallWin.inc		; MS-Windows prototypes, structures, and constants
			      C .NOLIST
			      C .LIST
			      C 
			      C INCLUDE VirtualKeys.inc
			      C ; VirtualKeys.inc
			      C .NOLIST
			      C .LIST
			      C 
			      C 
			      C .NOLIST
			      C .LIST
			      C 

				; ---------------------------------------------------------------------------------
				; Name: mGetString
				;
				; Displays a prompt, then writes the user's keyboard input into a memory location.
				;
				; Preconditions: prompt, buffer, and byteCount must be addresses passed by reference.
				;
				; Receives:
				;	prompt = address of string prompt for user
				;	buffer = address of user's input string
				;	bufferSize = maximum length in bytes that will be read and written to memory
				;	byteCount = address of bytes read
				;
				; Returns:
				;	buffer contains user string read by ReadString; byteCount contains number of bytes
				;		read after calling ReadString
				; ---------------------------------------------------------------------------------
				mGetString	MACRO	prompt, buffer, bufferSize, byteCount

					PUSH	EAX		; Save EAX register
					PUSH	EDX		; Save EDX register
					PUSH	ECX		; Save ECX register

					mDisplayString prompt
					MOV		EDX, buffer		; point to the buffer address
					MOV		ECX, bufferSize	; specify maximum number of characters to be read
					CALL	ReadString
					MOV		EDI, byteCount	; store bytes read in byteCount
					MOV		[EDI], EAX

					POP		ECX		; Restore ECX
					POP		EDX		; Restore EDX
					POP		EAX		; Restore EAX

				ENDM

				; ---------------------------------------------------------------------------------
				; Name: mDisplayString
				;
				; Writes a null-terminated string stored at a specified memory location to the output.
				;
				; Preconditions: buffer must be an address passed by reference.
				;
				; Receives:
				;	buffer = address of string to be displayed
				;
				; Returns: string displayed in console output.
				; ---------------------------------------------------------------------------------
				mDisplayString	MACRO	buffer

					PUSH	EDX		; Save EDX register

					MOV		EDX, buffer
					CALL	WriteString

					POP		EDX		; Restore EDX

				ENDM



 = 000000FF			BUFFER_SIZE = 255
 = 0000000A			INTEGER_COUNT = 10


 00000000			.data
 00000000 44 65 73 69 67	programTitle	BYTE	"Designing Low-Level I/O Procedures",13,10
	   6E 69 6E 67 20
	   4C 6F 77 2D 4C
	   65 76 65 6C 20
	   49 2F 4F 20 50
	   72 6F 63 65 64
	   75 72 65 73 0D
	   0A
 00000024  57 72 69 74 74					BYTE	"Written by: Richard Ngo-Lam",13,10,0
	   65 6E 20 62 79
	   3A 20 52 69 63
	   68 61 72 64 20
	   4E 67 6F 2D 4C
	   61 6D 0D 0A 00
 00000042 50 6C 65 61 73	description		BYTE	"Please provide 10 signed decimal integers.",13,10
	   65 20 70 72 6F
	   76 69 64 65 20
	   31 30 20 73 69
	   67 6E 65 64 20
	   64 65 63 69 6D
	   61 6C 20 69 6E
	   74 65 67 65 72
	   73 2E 0D 0A
 0000006E  45 61 63 68 20					BYTE	"Each number needs to be small enough to fit inside a 32 bit register. "
	   6E 75 6D 62 65
	   72 20 6E 65 65
	   64 73 20 74 6F
	   20 62 65 20 73
	   6D 61 6C 6C 20
	   65 6E 6F 75 67
	   68 20 74 6F 20
	   66 69 74 20 69
	   6E 73 69 64 65
	   20 61 20 33 32
	   20 62 69 74 20
	   72 65 67 69 73
	   74 65 72 2E 20
 000000B4  41 66 74 65 72					BYTE	"After you have finished inputting the raw numbers I will display a list of the integers, their sum, and their average value.",13,10,0
	   20 79 6F 75 20
	   68 61 76 65 20
	   66 69 6E 69 73
	   68 65 64 20 69
	   6E 70 75 74 74
	   69 6E 67 20 74
	   68 65 20 72 61
	   77 20 6E 75 6D
	   62 65 72 73 20
	   49 20 77 69 6C
	   6C 20 64 69 73
	   70 6C 61 79 20
	   61 20 6C 69 73
	   74 20 6F 66 20
	   74 68 65 20 69
	   6E 74 65 67 65
	   72 73 2C 20 74
	   68 65 69 72 20
	   73 75 6D 2C 20
	   61 6E 64 20 74
	   68 65 69 72 20
	   61 76 65 72 61
	   67 65 20 76 61
	   6C 75 65 2E 0D
	   0A 00
 00000133 50 6C 65 61 73	prompt			BYTE	"Please enter a signed number: ",0
	   65 20 65 6E 74
	   65 72 20 61 20
	   73 69 67 6E 65
	   64 20 6E 75 6D
	   62 65 72 3A 20
	   00
 00000152 45 52 52 4F 52	error			BYTE	"ERROR: You did not enter a signed number or your number was too big",13,10,0
	   3A 20 59 6F 75
	   20 64 69 64 20
	   6E 6F 74 20 65
	   6E 74 65 72 20
	   61 20 73 69 67
	   6E 65 64 20 6E
	   75 6D 62 65 72
	   20 6F 72 20 79
	   6F 75 72 20 6E
	   75 6D 62 65 72
	   20 77 61 73 20
	   74 6F 6F 20 62
	   69 67 0D 0A 00
 00000198 50 6C 65 61 73	retryPrompt		BYTE	"Please try again: ",0
	   65 20 74 72 79
	   20 61 67 61 69
	   6E 3A 20 00

 000001AB 59 6F 75 20 65	numListString	BYTE	"You entered the following numbers:",13,10,0
	   6E 74 65 72 65
	   64 20 74 68 65
	   20 66 6F 6C 6C
	   6F 77 69 6E 67
	   20 6E 75 6D 62
	   65 72 73 3A 0D
	   0A 00
 000001D0 54 68 65 20 73	sumString		BYTE	"The sum of these numbers is: ",0
	   75 6D 20 6F 66
	   20 74 68 65 73
	   65 20 6E 75 6D
	   62 65 72 73 20
	   69 73 3A 20 00
 000001EE 54 68 65 20 72	averageString	BYTE	"The rounded average is: ",0
	   6F 75 6E 64 65
	   64 20 61 76 65
	   72 61 67 65 20
	   69 73 3A 20 00

 00000207 54 68 61 6E 6B	goodbye			BYTE	"Thanks for playing!",13,10,0
	   73 20 66 6F 72
	   20 70 6C 61 79
	   69 6E 67 21 0D
	   0A 00

 0000021D  000000FF [		inputString		BYTE	BUFFER_SIZE DUP(?)
	    00
	   ]
 0000031C 00000000		inputInt		SDWORD	?
 00000320 00000000		bytesRead		DWORD	?
 00000324  0000000A [		userIntegers	SDWORD	INTEGER_COUNT DUP(?)
	    00000000
	   ]
 0000034C  000000FF [		intString		BYTE	BUFFER_SIZE DUP(?)
	    00
	   ]

 0000044B 00000000		sum				SDWORD	0
 0000044F 00000000		average			SDWORD	?

 00000453 20 00			space			BYTE	20h,0
 00000455 2C 00			comma			BYTE	2Ch,0
 00000457 2E 00			period			BYTE	2Eh,0

 00000459 00000001		validInputCount	DWORD	1


 00000000			.code
 00000000			main PROC

				; --------------------------
				; Invokes the mDisplayString macro to displays program title, description, and
				; extra credit being attempted.

				; --------------------------
 00000000			_introduction:
					mDisplayString OFFSET programTitle
 00000000  52		     1		PUSH	EDX		; Save EDX register
 00000001  BA 00000000 R     1		MOV		EDX, OFFSET programTitle
 00000006  E8 00000000 E     1		CALL	WriteString
 0000000B  5A		     1		POP		EDX		; Restore EDX
 0000000C  E8 00000000 E		CALL	CrLf
					mDisplayString OFFSET description
 00000011  52		     1		PUSH	EDX		; Save EDX register
 00000012  BA 00000042 R     1		MOV		EDX, OFFSET description
 00000017  E8 00000000 E     1		CALL	WriteString
 0000001C  5A		     1		POP		EDX		; Restore EDX
 0000001D  E8 00000000 E		CALL	CrLf


				; --------------------------
				; Calls ReadVal to get a validated integer converted from the user's input string and
				; stores the validated integer in an array of user integers. Repeats this process for
				; the number of integers specified by the INTEGER_COUNT constant.

				; --------------------------
 00000022  B9 0000000A			MOV		ECX, INTEGER_COUNT
 00000027  BF 00000324 R		MOV		EDI, OFFSET userIntegers

 0000002C			_getInputs:
					; Get user string input
 0000002C  68 00000453 R		PUSH	OFFSET space
 00000031  68 00000457 R		PUSH	OFFSET period
 00000036  68 00000459 R		PUSH	OFFSET validInputCount
 0000003B  68 00000133 R		PUSH	OFFSET prompt
 00000040  68 00000152 R		PUSH	OFFSET error
 00000045  68 00000198 R		PUSH	OFFSET retryPrompt
 0000004A  68 0000021D R		PUSH	OFFSET inputString
 0000004F  68 0000031C R		PUSH	OFFSET inputInt
 00000054  68 00000320 R		PUSH	OFFSET bytesRead
 00000059  E8 000000C6			CALL	ReadVal
					
					; Store validated integer in array of user integers
 0000005E  A1 0000031C R		MOV		EAX, [inputInt]
 00000063  89 07			MOV		[EDI], EAX
 00000065  83 C7 04			ADD		EDI, TYPE userIntegers
 00000068  E2 C2			LOOP	_getInputs

 0000006A  E8 00000000 E		CALL	CrLf

				; --------------------------
				; Iterates over the array of user integers, calling WriteVal to convert each
				; integer to a string output, and invokes mDisplayString for commma delineation
				; between the displayed array elements.

				; --------------------------
 0000006F  BE 00000324 R		MOV		ESI, OFFSET userIntegers		; Address of userIntegers array in ESI
 00000074  B9 0000000A			MOV		ECX, LENGTHOF userIntegers
					mDisplayString OFFSET numListString		; Title for string to be displayed
 00000079  52		     1		PUSH	EDX		; Save EDX register
 0000007A  BA 000001AB R     1		MOV		EDX, OFFSET numListString
 0000007F  E8 00000000 E     1		CALL	WriteString
 00000084  5A		     1		POP		EDX		; Restore EDX

 00000085			_displayNumList:
					; Writes current array element as string output
 00000085  FF 36			PUSH	[ESI]
 00000087  E8 00000153			CALL	WriteVal

 0000008C  83 F9 01			CMP		ECX, 1
 0000008F  74 1D			JE		_lastElement		; Exclude trailing comma for final element

					; Delineates array elements with comma
					mDisplayString OFFSET comma
 00000091  52		     1		PUSH	EDX		; Save EDX register
 00000092  BA 00000455 R     1		MOV		EDX, OFFSET comma
 00000097  E8 00000000 E     1		CALL	WriteString
 0000009C  5A		     1		POP		EDX		; Restore EDX
					mDisplayString OFFSET space
 0000009D  52		     1		PUSH	EDX		; Save EDX register
 0000009E  BA 00000453 R     1		MOV		EDX, OFFSET space
 000000A3  E8 00000000 E     1		CALL	WriteString
 000000A8  5A		     1		POP		EDX		; Restore EDX

 000000A9  83 C6 04			ADD		ESI, TYPE userIntegers	; increment array element pointer
 000000AC  E2 D7			LOOP	_displayNumList

 000000AE			_lastElement:
 000000AE  E8 00000000 E		CALL	CrLf


				; --------------------------
				; Calculates the sum of all elements in the array of user integers and
				; displays it by invoking WriteVal.

				; --------------------------
 000000B3			_displaySum:
					
 000000B3  68 0000044B R		PUSH	OFFSET sum
 000000B8  6A 04			PUSH	TYPE userIntegers
 000000BA  68 00000324 R		PUSH	OFFSET userIntegers
 000000BF  E8 00000231			CALL	calculateSum

					mDisplayString OFFSET sumString
 000000C4  52		     1		PUSH	EDX		; Save EDX register
 000000C5  BA 000001D0 R     1		MOV		EDX, OFFSET sumString
 000000CA  E8 00000000 E     1		CALL	WriteString
 000000CF  5A		     1		POP		EDX		; Restore EDX
 000000D0  FF 35 0000044B R		PUSH	sum
 000000D6  E8 00000104			CALL	WriteVal
 000000DB  E8 00000000 E		CALL	CrLf

				; --------------------------
				; Calculates the rounded average of user integers and
				; displays it by invoking WriteVal.

				; --------------------------
 000000E0			_displayAverage:

 000000E0  68 0000044F R		PUSH	OFFSET average
 000000E5  FF 35 0000044B R		PUSH	sum
 000000EB  E8 00000222			CALL	calculateAverage

					mDisplayString OFFSET averageString
 000000F0  52		     1		PUSH	EDX		; Save EDX register
 000000F1  BA 000001EE R     1		MOV		EDX, OFFSET averageString
 000000F6  E8 00000000 E     1		CALL	WriteString
 000000FB  5A		     1		POP		EDX		; Restore EDX
 000000FC  FF 35 0000044F R		PUSH	average
 00000102  E8 000000D8			CALL	WriteVal
					
 00000107  E8 00000000 E		CALL	CrLf
 0000010C  E8 00000000 E		CALL	CrLf

				; --------------------------
				; Displays parting message for the user.

				; --------------------------
 00000111			_goodbye:
					mDisplayString OFFSET goodbye
 00000111  52		     1		PUSH	EDX		; Save EDX register
 00000112  BA 00000207 R     1		MOV		EDX, OFFSET goodbye
 00000117  E8 00000000 E     1		CALL	WriteString
 0000011C  5A		     1		POP		EDX		; Restore EDX

					Invoke ExitProcess,0	; exit to operating system
 0000011D  6A 00	   *	    push   +000000000h
 0000011F  E8 00000000 E   *	    call   ExitProcess
 00000124			main ENDP


				; ---------------------------------------------------------------------------------
				; Name: ReadVal
				; 
				; Gets a string input from the user by invoking the mGetString macro, calls on a subprocedure
				;	to convert it to an integer and validate it, then either returns the input as an integer
				;	if valid or re-prompts the user for input if invalid.
				;
				; Preconditions: BUFFER_SIZE is a constant, BUFFER_SIZE > 0; input must be a string
				;
				; Postconditions: number of string bytes in bytesRead
				;
				; Receives:
				;	[EBP + 40]	= address of space character
				;	[EBP + 36]	= address of period character
				;	[EBP + 32]	= address of valid input count, the subtotal of inputs that have been validated (extra credit)
				;	[EBP + 28]	= address of string prompting user for input
				;	[EBP + 24]	= address of error message string
				;	[EBP + 20]	= address of message string re-prompting user for input
				;	[EBP + 16]	= address of input string, the raw string read from the user
				;	[EBP + 12]	= address of user integer converted from string
				;	[EBP + 8]	= address of the byte count read from the user's string
				;	BUFFER_SIZE is a global constant.
				;
				; Returns: inputInt = validated SDWORD integer, validInputCount = running total of valid inputs
				; ---------------------------------------------------------------------------------
 00000124			ReadVal PROC
					LOCAL	validInput:BYTE		; local boolean value

 00000124  55		   *	    push   ebp
 00000125  8B EC	   *	    mov    ebp, esp
 00000127  83 C4 FC	   *	    add    esp, 0FFFFFFFCh
 0000012A  60				PUSHAD	; preserve all general purpose registers

 0000012B			_getInput:
					; Display line number (extra credit)
 0000012B  8B 75 20			MOV		ESI, [EBP + 32]		; validInputCount in ESI
 0000012E  FF 36			PUSH	[ESI]				; value of validInputCount pushed to stack
 00000130  E8 000000AA			CALL	WriteVal
					mDisplayString [EBP + 36]	; print period
 00000135  52		     1		PUSH	EDX		; Save EDX register
 00000136  8B 55 24	     1		MOV		EDX, [EBP + 36]
 00000139  E8 00000000 E     1		CALL	WriteString
 0000013E  5A		     1		POP		EDX		; Restore EDX
					mDisplayString [EBP + 40]	; print space
 0000013F  52		     1		PUSH	EDX		; Save EDX register
 00000140  8B 55 28	     1		MOV		EDX, [EBP + 40]
 00000143  E8 00000000 E     1		CALL	WriteString
 00000148  5A		     1		POP		EDX		; Restore EDX

					; Prompt user for input
					mGetString [EBP + 28], [EBP + 16], BUFFER_SIZE, [EBP + 8]	; address of prompt, address of inputString, buffer size, address of bytes read
 00000149  50		     1		PUSH	EAX		; Save EAX register
 0000014A  52		     1		PUSH	EDX		; Save EDX register
 0000014B  51		     1		PUSH	ECX		; Save ECX register
 0000014C  52		     2		PUSH	EDX		; Save EDX register
 0000014D  8B 55 1C	     2		MOV		EDX, [EBP + 28]
 00000150  E8 00000000 E     2		CALL	WriteString
 00000155  5A		     2		POP		EDX		; Restore EDX
 00000156  8B 55 10	     1		MOV		EDX, [EBP + 16]		; point to the buffer address
 00000159  B9 000000FF	     1		MOV		ECX, BUFFER_SIZE	; specify maximum number of characters to be read
 0000015E  E8 00000000 E     1		CALL	ReadString
 00000163  8B 7D 08	     1		MOV		EDI, [EBP + 8]	; store bytes read in byteCount
 00000166  89 07	     1		MOV		[EDI], EAX
 00000168  59		     1		POP		ECX		; Restore ECX
 00000169  5A		     1		POP		EDX		; Restore EDX
 0000016A  58		     1		POP		EAX		; Restore EAX

 0000016B			_convertString:
					
					; validInput defaults to boolean value of True
 0000016B  C6 45 FF 01			MOV		validInput, 1
 0000016F  8D 55 FF			LEA		EDX, validInput
					
 00000172  FF 75 0C			PUSH	[EBP + 12]	; address of converted user integer
 00000175  52				PUSH	EDX			; address of validInput boolean
 00000176  FF 75 10			PUSH	[EBP + 16]	; address of user string
 00000179  FF 75 08			PUSH	[EBP + 8]	; address of bytes read
 0000017C  E8 000000CD			CALL	stringToInt

 00000181  80 7D FF 00			CMP		validInput, 0
 00000185  74 02			JE		_invalidInput
 00000187  EB 4C			JMP		_endProc

 00000189			_invalidInput:
					mDisplayString [EBP + 24]	; address of error message
 00000189  52		     1		PUSH	EDX		; Save EDX register
 0000018A  8B 55 18	     1		MOV		EDX, [EBP + 24]
 0000018D  E8 00000000 E     1		CALL	WriteString
 00000192  5A		     1		POP		EDX		; Restore EDX

					; Display line number (extra credit)
 00000193  8B 75 20			MOV		ESI, [EBP + 32]		; address of validInputCount in ESI
 00000196  FF 36			PUSH	[ESI]				; value of validInputCount pushed to stack
 00000198  E8 00000042			CALL	WriteVal
					mDisplayString [EBP + 36]	; print period
 0000019D  52		     1		PUSH	EDX		; Save EDX register
 0000019E  8B 55 24	     1		MOV		EDX, [EBP + 36]
 000001A1  E8 00000000 E     1		CALL	WriteString
 000001A6  5A		     1		POP		EDX		; Restore EDX
					mDisplayString [EBP + 40]	; print space
 000001A7  52		     1		PUSH	EDX		; Save EDX register
 000001A8  8B 55 28	     1		MOV		EDX, [EBP + 40]
 000001AB  E8 00000000 E     1		CALL	WriteString
 000001B0  5A		     1		POP		EDX		; Restore EDX

					; Reprompt user for string
					mGetString [EBP + 20], [EBP + 16], BUFFER_SIZE, [EBP + 8]
 000001B1  50		     1		PUSH	EAX		; Save EAX register
 000001B2  52		     1		PUSH	EDX		; Save EDX register
 000001B3  51		     1		PUSH	ECX		; Save ECX register
 000001B4  52		     2		PUSH	EDX		; Save EDX register
 000001B5  8B 55 14	     2		MOV		EDX, [EBP + 20]
 000001B8  E8 00000000 E     2		CALL	WriteString
 000001BD  5A		     2		POP		EDX		; Restore EDX
 000001BE  8B 55 10	     1		MOV		EDX, [EBP + 16]		; point to the buffer address
 000001C1  B9 000000FF	     1		MOV		ECX, BUFFER_SIZE	; specify maximum number of characters to be read
 000001C6  E8 00000000 E     1		CALL	ReadString
 000001CB  8B 7D 08	     1		MOV		EDI, [EBP + 8]	; store bytes read in byteCount
 000001CE  89 07	     1		MOV		[EDI], EAX
 000001D0  59		     1		POP		ECX		; Restore ECX
 000001D1  5A		     1		POP		EDX		; Restore EDX
 000001D2  58		     1		POP		EAX		; Restore EAX
 000001D3  EB 96			JMP		_convertString

 000001D5			_endProc:
					; Increment validInputCount
 000001D5  8B 7D 20			MOV		EDI, [EBP + 32]
 000001D8  FF 07			INC		DWORD PTR [EDI]

 000001DA  61				POPAD	; restore all general purpose registers
 000001DB  C9		   *	    leave  
 000001DC  C2 0024			RET		36
 000001DF			ReadVal ENDP


				; ---------------------------------------------------------------------------------
				; Name: WriteVal
				; 
				; Converts a 4-byte integer to a string and displays it by invoking the
				;	mDisplayString macro.
				;
				; Preconditions: Integer must be 4 bytes in size.
				;
				; Postconditions: None.
				;
				; Receives:
				;	[EBP + 8]	= 4-byte integer value
				;
				; Returns: integer cast to string and displayed in the output
				; ---------------------------------------------------------------------------------
 000001DF			WriteVal PROC
					LOCAL	stringLength:DWORD, emptyString[12]:BYTE, reverseString[12]:BYTE	; local variables--emptyString is the string where digits cast to ASCII values will be written from right to left, reverseString will be generated by reversing the emptyString

 000001DF  55		   *	    push   ebp
 000001E0  8B EC	   *	    mov    ebp, esp
 000001E2  83 C4 E4	   *	    add    esp, 0FFFFFFE4h
 000001E5  60				PUSHAD	; preserve all general purpose registers

				; --------------------------
				; Through sequential division by 10, the input integer will be truncated, with the remainders of
				; each operation cast to ASCII values and appended to an empty string, which will build a string
				; representation of the integer read from right to left. To have this string read from left to right,
				; a new string will be generated that reverses the string built from sequential division. This final
				; string will be passed as a parameter to the mDisplayString macro to be printed in the output.

				; --------------------------
 000001E6  C7 45 FC			MOV		stringLength, 0
	   00000000

					; Append null-terminating character to empty string
 000001ED  8D 7D F0			LEA		EDI, emptyString
 000001F0  B8 00000000			MOV		EAX, 0
 000001F5  89 07			MOV		[EDI], EAX
 000001F7  47				INC		EDI
 000001F8  FF 45 FC			INC		stringLength
					
 000001FB  8B 45 08			MOV		EAX, [EBP + 8]		; 4-byte integer in EAX

 000001FE			_truncate:
					; Perform sequential division by 10
 000001FE  99				CDQ
 000001FF  BB 0000000A			MOV		EBX, 10
 00000204  F7 FB			IDIV	EBX

 00000206  83 FA 00			CMP		EDX, 0
 00000209  7C 02			JL		_convertNegativeRemainder
 0000020B  EB 02			JMP		_buildString

 0000020D			_convertNegativeRemainder:
 0000020D  F7 DA			NEG		EDX	

 0000020F			_buildString:
					; Cast remainder to ASCII value, append it to the string being built, and increment destination pointer and stringLength value
 0000020F  83 C2 30			ADD		EDX, 30h
 00000212  88 17			MOV		[EDI], DL
 00000214  47				INC		EDI
 00000215  FF 45 FC			INC		stringLength
 00000218  83 F8 00			CMP		EAX, 0
 0000021B  75 E1			JNE		_truncate

					; If integer is negative, append sign to end of the string
 0000021D  8B 45 08			MOV		EAX, [EBP + 8]
 00000220  83 F8 00			CMP		EAX, 0
 00000223  7C 03			JL		_appendNegativeSign
 00000225  4F				DEC		EDI				; Shift EDI pointer back to last character in the built string
 00000226  EB 07			JMP		_reverseString

 00000228			_appendNegativeSign:
 00000228  B0 2D			MOV		AL, 2Dh
 0000022A  88 07			MOV		[EDI], AL
 0000022C  FF 45 FC			INC		stringLength

 0000022F			_reverseString:
					; EDI currently at end of the built string. Set ESI to this address to prepare to copy string in reverse.
 0000022F  8B 4D FC			MOV		ECX, stringLength
 00000232  8B F7			MOV		ESI, EDI
 00000234  8D 7D E4			LEA		EDI, reverseString

 00000237			_reverseLoop:
 00000237  FD				STD		; set direction flag to move backwards through built / source string
 00000238  AC				LODSB	; load character from source string into AL; increment ESI
 00000239  FC				CLD		; set direction flag tto move forward through reversed / destination string
 0000023A  AA				STOSB	; copy character in AL to destination address; increment EDI
 0000023B  E2 FA			LOOP	_reverseLoop

					; Display the final, reversed string
 0000023D  8D 45 E4			LEA		EAX, reverseString
					mDisplayString EAX
 00000240  52		     1		PUSH	EDX		; Save EDX register
 00000241  8B D0	     1		MOV		EDX, EAX
 00000243  E8 00000000 E     1		CALL	WriteString
 00000248  5A		     1		POP		EDX		; Restore EDX

 00000249  61				POPAD	; restore all general-purpose registers

 0000024A  C9		   *	    leave  
 0000024B  C2 0004			RET		4
 0000024E			WriteVal ENDP


				; ---------------------------------------------------------------------------------
				; Name: stringToInt
				; 
				; Validates and converts a string to an SDWORD integer value if possible. If the input
				;	is invalid, returns a False boolean value instead.
				;
				; Preconditions: Desired integer value must fit in a 32-bit register to be considered valid; string
				;	may not contain non-numerical characters other than a + or - sign at the beginning. Length of
				;	string may not exceed the allocated BUFFER_SIZE.
				;
				; Postconditions: None.
				;
				; Receives:
				;	[EBP + 20]	= address of SDWORD integer converted from string
				;	[EBP + 16]	= address of validInput boolean (local variable to ReadVal proc)
				;	[EBP + 12]	= address of input string to be converted/validated
				;	[EBP + 8]	= number of bytes read from the string / string length
				;
				; Returns: inputInt = SDWORD integer converted from string and/or boolean value for valid input
				;	(either unchanged from True or changed to False)
				; ---------------------------------------------------------------------------------
 0000024E			stringToInt PROC
					LOCAL	sign:BYTE

				; --------------------------
				; First determines the sign of the input, which is either explicitly positive or negative, or implicitly
				; positive if no sign is given. If the sign is explicitly defined, loads the next value of the string into
				; AL and manually decrements ECX. Next, the algorithm checks for the presence of leading 0s. For every leading 0
				; loads the next value of the string into AL and manually decrements ECX. This will leave the remaining digits
				; to be parsed, which will have its own steps outlined below.

				; --------------------------
 0000024E  55		   *	    push   ebp
 0000024F  8B EC	   *	    mov    ebp, esp
 00000251  83 C4 FC	   *	    add    esp, 0FFFFFFFCh
 00000254  60				PUSHAD					; preserve all general purpose registers

 00000255  C6 45 FF 2B			MOV		sign, 2Bh		; sign defaults to positive
					
 00000259  FC				CLD						; clear direction flag to move forward through the string
 0000025A  8B 75 08			MOV		ESI, [EBP + 8]
 0000025D  8B 0E			MOV		ECX, [ESI]		; string length in ECX
 0000025F  8B 75 0C			MOV		ESI, [EBP + 12]	; address of user string in ESI

 00000262  81 F9 000000FF		CMP		ECX, BUFFER_SIZE
 00000268  7F 77			JG		_invalidInput	; string length must fit within size allocated by buffer

 0000026A  BB 00000000			MOV		EBX, 0			; running total of converted integer value in EBX

 0000026F			_sign:
					; checks sign of first character in string
 0000026F  AC				LODSB					; loads byte into AL
 00000270  3C 2B			CMP		AL, 2Bh			; + character
 00000272  74 0A			JE		_explicitPositiveSign
 00000274  3C 2D			CMP		AL, 2Dh			; - character
 00000276  74 0E			JE		_negativeSign

					; implicit positive value
 00000278  3C 00			CMP		AL, 0
 0000027A  74 16			JE		_leadingZeros
 0000027C  EB 1F			JMP		_parseDigits

 0000027E			_explicitPositiveSign:
					; Load next character and decrements the remaining length of the string to be parsed
 0000027E  AC				LODSB
 0000027F  49				DEC		ECX
 00000280  3C 00			CMP		AL, 0
 00000282  74 0E			JE		_leadingZeros
 00000284  EB 17			JMP		_parseDigits

 00000286			_negativeSign:
					; Change the sign value, Load next character, and decrements the remaining length of the string to be parsed
 00000286  C6 45 FF 2D			MOV		sign, 2Dh
 0000028A  AC				LODSB
 0000028B  49				DEC		ECX
 0000028C  3C 00			CMP		AL, 0
 0000028E  74 02			JE		_leadingZeros
 00000290  EB 0B			JMP		_parseDigits

 00000292			_leadingZeros:
					; Truncates leading 0s until a nonzero character is reached, or until a zero is reached that happens to be the last character in the string.
 00000292  83 F9 01			CMP		ECX, 1
 00000295  74 06			JE		_parseDigits	; if last digit is a 0, parse it
					
 00000297  AC				LODSB
 00000298  49				DEC		ECX
 00000299  3C 00			CMP		AL, 0
 0000029B  74 F5			JE		_leadingZeros

 0000029D			_parseDigits:
				; --------------------------
				; Loads the string character at the source pointer's address into AL and casts it to an integer value. This value represents the ones place,
				; which is preserved and added on to the current running total. The running total and ones place value are concatenated by multiplying the
				; running total by 10, effectively shifting each value leftward by one place. If any of non-numerical characters are encountered or if the
				; overflow flag is triggered, the input is invalid.

				; --------------------------
					; ECX is equal to number of digits to be parsed, excluding leading zeros and +/- signs
					; Validate digit is between 0-9
 0000029D  3C 30			CMP		AL, 30h
 0000029F  7C 40			JL		_invalidInput
 000002A1  3C 39			CMP		AL, 39h
 000002A3  7F 3C			JG		_invalidInput

 000002A5  2C 30			SUB		AL, 30h			; convert ASCII to integer
 000002A7  33 D2			XOR		EDX, EDX
 000002A9  8A D0			MOV		DL, AL
 000002AB  52				PUSH	EDX				; push integer to stack

 000002AC  33 D2			XOR		EDX, EDX
 000002AE  8B C3			MOV		EAX, EBX
 000002B0  BB 0000000A			MOV		EBX, 10
 000002B5  F7 E3			MUL		EBX
 000002B7  5A				POP		EDX
 000002B8  70 27			JO		_invalidInput	; overflow flag triggered
 000002BA  03 C2			ADD		EAX, EDX
 000002BC  8B D8			MOV		EBX, EAX		; save running total in EBX
 000002BE  70 0F			JO		_checkEdgeCases
					
 000002C0  AC				LODSB

 000002C1  E2 DA			LOOP	_parseDigits

					; If the string's sign is negative, convert the integer to its two's-complement form
 000002C3  80 7D FF 2D			CMP		sign, 2Dh
 000002C7  74 02			JE		_convertToNegative
 000002C9  EB 20			JMP		_endProc

 000002CB			_convertToNegative:
 000002CB  F7 DB			NEG		EBX
 000002CD  EB 1C			JMP		_endProc

 000002CF			_checkEdgeCases:
 000002CF  80 7D FF 2B			CMP		sign, 2Bh
 000002D3  74 0C			JE		_invalidInput
 000002D5  83 F9 01			CMP		ECX, 1			; accounts for -2147483648X, where X represents overflowing digits
 000002D8  7F 07			JG		_invalidInput
 000002DA  3D 80000000			CMP		EAX, 80000000h	; +2147483648 does not fit in a 32-bit register, but -2147483648 does
 000002DF  74 0A			JE		_endProc

 000002E1			_invalidInput:
 000002E1  8B 7D 10			MOV		EDI, [EBP + 16]		; address of valid input boolean parameter
 000002E4  B8 00000000			MOV		EAX, 0
 000002E9  89 07			MOV		[EDI], EAX

 000002EB			_endProc:
 000002EB  8B 7D 14			MOV		EDI, [EBP + 20]		; address of converted user integer in EDI
 000002EE  89 1F			MOV		[EDI], EBX
					
 000002F0  61				POPAD
 000002F1  C9		   *	    leave  
 000002F2  C2 0010			RET		16
 000002F5			stringToInt ENDP


				; ---------------------------------------------------------------------------------
				; Name: calculateSum
				; 
				; Iterates over the array of user integers and calculates the sum of all values.
				;
				; Preconditions: INTEGER_COUNT is a constant; INTEGER_COUNT > 0.
				;
				; Postconditions: None.
				;
				; Receives:
				;	[EBP + 16]	= address of sum
				;	[EBP + 12]	= value of the array type
				;	[EBP + 8]	= address of the user integer array
				;	INTEGER_COUNT is a global constant.
				;
				; Returns: sum = sum of all values in the array of user's integers.
				;
				; ---------------------------------------------------------------------------------
 000002F5			calculateSum PROC
					
 000002F5  55				PUSH	EBP
 000002F6  8B EC			MOV		EBP, ESP

 000002F8  60				PUSHAD		; preserve all general purpose registers

 000002F9  8B 75 08			MOV		ESI, [EBP + 8]		; address of user integer array in ESI
 000002FC  8B 7D 10			MOV		EDI, [EBP + 16]		; address of sum in EDI
 000002FF  B9 0000000A			MOV		ECX, INTEGER_COUNT

 00000304			_addArrayValues:
 00000304  8B 06			MOV		EAX, [ESI]
 00000306  01 07			ADD		[EDI], EAX
 00000308  03 75 0C			ADD		ESI, [EBP + 12]		; increment ESI by array type
 0000030B  E2 F7			LOOP	_addArrayValues

 0000030D			_endProc:
 0000030D  61				POPAD		; restore all general purpose registers

 0000030E  5D				POP		EBP
 0000030F  C2 000C			RET		12
 00000312			calculateSum ENDP


				; ---------------------------------------------------------------------------------
				; Name: calculateAverage
				; 
				; Calculates the rounded average of the integers in an array, using floor rounding.
				;
				; Preconditions: INTEGER_COUNT is a constant; INTEGER_COUNT > 0.
				;
				; Postconditions: None.
				;
				; Receives:
				;	[EBP + 12]	= value of the the average value
				;	[EBP + 8]	= address of the sum of array values
				;	INTEGER_COUNT is a global constant.
				;
				; Returns: average = average of the integers in an array, using floor rounding.
				;
				; ---------------------------------------------------------------------------------
 00000312			calculateAverage PROC

 00000312  55				PUSH	EBP
 00000313  8B EC			MOV		EBP, ESP

 00000315  60				PUSHAD

 00000316  8B 7D 0C			MOV		EDI, [EBP + 12]	; address of average in EDI

 00000319  8B 45 08			MOV		EAX, [EBP + 8]	; sum in EAX
 0000031C  99				CDQ
 0000031D  BB 0000000A			MOV		EBX, INTEGER_COUNT	; number of integers in EBX
 00000322  F7 FB			IDIV	EBX

 00000324  83 FA 00			CMP		EDX, 0
 00000327  7C 02			JL		_negativeFloorRounding
 00000329  EB 01			JMP		_endProc

 0000032B			_negativeFloorRounding:
					; If remainder is negative, round down to the nearest integer
 0000032B  48				DEC		EAX

 0000032C			_endProc:
 0000032C  89 07			MOV		[EDI], EAX	; average written to memory

 0000032E  61				POPAD

 0000032F  5D				POP		EBP
 00000330  C2 0004			RET		4

 00000333			calculateAverage ENDP

				END main
Microsoft (R) Macro Assembler Version 14.28.29336.0	    03/22/21 02:56:42
:Low-Level I/O Procedures     (low-level-io-procedures.asm   Symbols 2 - 1




Macros:

                N a m e                 Type

mDisplayString . . . . . . . . .	Proc
mGetString . . . . . . . . . . .	Proc


Structures and Unions:

                N a m e                  Size
                                         Offset      Type

CONSOLE_CURSOR_INFO  . . . . . .	 00000008
  dwSize . . . . . . . . . . . .	 00000000	 DWord
  bVisible . . . . . . . . . . .	 00000004	 DWord
CONSOLE_SCREEN_BUFFER_INFO . . .	 00000016
  dwSize . . . . . . . . . . . .	 00000000	 DWord
  dwCursorPosition . . . . . . .	 00000004	 DWord
  wAttributes  . . . . . . . . .	 00000008	 Word
  srWindow . . . . . . . . . . .	 0000000A	 QWord
  dwMaximumWindowSize  . . . . .	 00000012	 DWord
COORD  . . . . . . . . . . . . .	 00000004
  X  . . . . . . . . . . . . . .	 00000000	 Word
  Y  . . . . . . . . . . . . . .	 00000002	 Word
FILETIME . . . . . . . . . . . .	 00000008
  loDateTime . . . . . . . . . .	 00000000	 DWord
  hiDateTime . . . . . . . . . .	 00000004	 DWord
FOCUS_EVENT_RECORD . . . . . . .	 00000004
  bSetFocus  . . . . . . . . . .	 00000000	 DWord
FPU_ENVIRON  . . . . . . . . . .	 0000001C
  controlWord  . . . . . . . . .	 00000000	 Word
  statusWord . . . . . . . . . .	 00000004	 Word
  tagWord  . . . . . . . . . . .	 00000008	 Word
  instrPointerOffset . . . . . .	 0000000C	 DWord
  instrPointerSelector . . . . .	 00000010	 DWord
  operandPointerOffset . . . . .	 00000014	 DWord
  operandPointerSelector . . . .	 00000018	 Word
INPUT_RECORD . . . . . . . . . .	 00000014
  EventType  . . . . . . . . . .	 00000000	 Word
  Event  . . . . . . . . . . . .	 00000004	 XmmWord
  bKeyDown . . . . . . . . . . .	 00000000	 DWord
  wRepeatCount . . . . . . . . .	 00000004	 Word
  wVirtualKeyCode  . . . . . . .	 00000006	 Word
  wVirtualScanCode . . . . . . .	 00000008	 Word
  uChar  . . . . . . . . . . . .	 0000000A	 Word
  UnicodeChar  . . . . . . . . .	 00000000	 Word
  AsciiChar  . . . . . . . . . .	 00000000	 Byte
  dwControlKeyState  . . . . . .	 0000000C	 DWord
  dwMousePosition  . . . . . . .	 00000000	 DWord
  dwButtonState  . . . . . . . .	 00000004	 DWord
  dwMouseControlKeyState . . . .	 00000008	 DWord
  dwEventFlags . . . . . . . . .	 0000000C	 DWord
  dwSize . . . . . . . . . . . .	 00000000	 DWord
  dwCommandId  . . . . . . . . .	 00000000	 DWord
  bSetFocus  . . . . . . . . . .	 00000000	 DWord
KEY_EVENT_RECORD . . . . . . . .	 00000010
  bKeyDown . . . . . . . . . . .	 00000000	 DWord
  wRepeatCount . . . . . . . . .	 00000004	 Word
  wVirtualKeyCode  . . . . . . .	 00000006	 Word
  wVirtualScanCode . . . . . . .	 00000008	 Word
  uChar  . . . . . . . . . . . .	 0000000A	 Word
  UnicodeChar  . . . . . . . . .	 00000000	 Word
  AsciiChar  . . . . . . . . . .	 00000000	 Byte
  dwControlKeyState  . . . . . .	 0000000C	 DWord
MENU_EVENT_RECORD  . . . . . . .	 00000004
  dwCommandId  . . . . . . . . .	 00000000	 DWord
MOUSE_EVENT_RECORD . . . . . . .	 00000010
  dwMousePosition  . . . . . . .	 00000000	 DWord
  dwButtonState  . . . . . . . .	 00000004	 DWord
  dwMouseControlKeyState . . . .	 00000008	 DWord
  dwEventFlags . . . . . . . . .	 0000000C	 DWord
SMALL_RECT . . . . . . . . . . .	 00000008
  Left . . . . . . . . . . . . .	 00000000	 Word
  Top  . . . . . . . . . . . . .	 00000002	 Word
  Right  . . . . . . . . . . . .	 00000004	 Word
  Bottom . . . . . . . . . . . .	 00000006	 Word
SYSTEMTIME . . . . . . . . . . .	 00000010
  wYear  . . . . . . . . . . . .	 00000000	 Word
  wMonth . . . . . . . . . . . .	 00000002	 Word
  wDayOfWeek . . . . . . . . . .	 00000004	 Word
  wDay . . . . . . . . . . . . .	 00000006	 Word
  wHour  . . . . . . . . . . . .	 00000008	 Word
  wMinute  . . . . . . . . . . .	 0000000A	 Word
  wSecond  . . . . . . . . . . .	 0000000C	 Word
  wMilliseconds  . . . . . . . .	 0000000E	 Word
WINDOW_BUFFER_SIZE_RECORD  . . .	 00000004
  dwSize . . . . . . . . . . . .	 00000000	 DWord


Segments and Groups:

                N a m e                 Size     Length   Align   Combine Class

FLAT . . . . . . . . . . . . . .	GROUP
STACK  . . . . . . . . . . . . .	32 Bit	 00001000 Para	  Stack	  'STACK'	 
_DATA  . . . . . . . . . . . . .	32 Bit	 0000045D Para	  Public  'DATA'	
_TEXT  . . . . . . . . . . . . .	32 Bit	 00000333 Para	  Public  'CODE'	


Procedures, parameters, and locals:

                N a m e                 Type     Value    Attr

CloseFile  . . . . . . . . . . .	P Near	 00000000 FLAT	Length= 00000000 External STDCALL
CloseHandle  . . . . . . . . . .	P Near	 00000000 FLAT	Length= 00000000 External STDCALL
Clrscr . . . . . . . . . . . . .	P Near	 00000000 FLAT	Length= 00000000 External STDCALL
CreateFileA  . . . . . . . . . .	P Near	 00000000 FLAT	Length= 00000000 External STDCALL
CreateOutputFile . . . . . . . .	P Near	 00000000 FLAT	Length= 00000000 External STDCALL
Crlf . . . . . . . . . . . . . .	P Near	 00000000 FLAT	Length= 00000000 External STDCALL
Delay  . . . . . . . . . . . . .	P Near	 00000000 FLAT	Length= 00000000 External STDCALL
DumpMem  . . . . . . . . . . . .	P Near	 00000000 FLAT	Length= 00000000 External STDCALL
DumpRegs . . . . . . . . . . . .	P Near	 00000000 FLAT	Length= 00000000 External STDCALL
ExitProcess  . . . . . . . . . .	P Near	 00000000 FLAT	Length= 00000000 External STDCALL
FileTimeToDosDateTime  . . . . .	P Near	 00000000 FLAT	Length= 00000000 External STDCALL
FileTimeToSystemTime . . . . . .	P Near	 00000000 FLAT	Length= 00000000 External STDCALL
FlushConsoleInputBuffer  . . . .	P Near	 00000000 FLAT	Length= 00000000 External STDCALL
FormatMessageA . . . . . . . . .	P Near	 00000000 FLAT	Length= 00000000 External STDCALL
GetCommandLineA  . . . . . . . .	P Near	 00000000 FLAT	Length= 00000000 External STDCALL
GetCommandTail . . . . . . . . .	P Near	 00000000 FLAT	Length= 00000000 External STDCALL
GetConsoleCP . . . . . . . . . .	P Near	 00000000 FLAT	Length= 00000000 External STDCALL
GetConsoleCursorInfo . . . . . .	P Near	 00000000 FLAT	Length= 00000000 External STDCALL
GetConsoleMode . . . . . . . . .	P Near	 00000000 FLAT	Length= 00000000 External STDCALL
GetConsoleScreenBufferInfo . . .	P Near	 00000000 FLAT	Length= 00000000 External STDCALL
GetDateTime  . . . . . . . . . .	P Near	 00000000 FLAT	Length= 00000000 External STDCALL
GetFileTime  . . . . . . . . . .	P Near	 00000000 FLAT	Length= 00000000 External STDCALL
GetKeyState  . . . . . . . . . .	P Near	 00000000 FLAT	Length= 00000000 External STDCALL
GetLastError . . . . . . . . . .	P Near	 00000000 FLAT	Length= 00000000 External STDCALL
GetLocalTime . . . . . . . . . .	P Near	 00000000 FLAT	Length= 00000000 External STDCALL
GetMaxXY . . . . . . . . . . . .	P Near	 00000000 FLAT	Length= 00000000 External STDCALL
GetMseconds  . . . . . . . . . .	P Near	 00000000 FLAT	Length= 00000000 External STDCALL
GetNumberOfConsoleInputEvents  .	P Near	 00000000 FLAT	Length= 00000000 External STDCALL
GetProcessHeap . . . . . . . . .	P Near	 00000000 FLAT	Length= 00000000 External STDCALL
GetStdHandle . . . . . . . . . .	P Near	 00000000 FLAT	Length= 00000000 External STDCALL
GetSystemTime  . . . . . . . . .	P Near	 00000000 FLAT	Length= 00000000 External STDCALL
GetTextColor . . . . . . . . . .	P Near	 00000000 FLAT	Length= 00000000 External STDCALL
GetTickCount . . . . . . . . . .	P Near	 00000000 FLAT	Length= 00000000 External STDCALL
Gotoxy . . . . . . . . . . . . .	P Near	 00000000 FLAT	Length= 00000000 External STDCALL
HeapAlloc  . . . . . . . . . . .	P Near	 00000000 FLAT	Length= 00000000 External STDCALL
HeapCreate . . . . . . . . . . .	P Near	 00000000 FLAT	Length= 00000000 External STDCALL
HeapDestroy  . . . . . . . . . .	P Near	 00000000 FLAT	Length= 00000000 External STDCALL
HeapFree . . . . . . . . . . . .	P Near	 00000000 FLAT	Length= 00000000 External STDCALL
HeapSize . . . . . . . . . . . .	P Near	 00000000 FLAT	Length= 00000000 External STDCALL
IsDigit  . . . . . . . . . . . .	P Near	 00000000 FLAT	Length= 00000000 External STDCALL
LocalFree  . . . . . . . . . . .	P Near	 00000000 FLAT	Length= 00000000 External STDCALL
MessageBoxA  . . . . . . . . . .	P Near	 00000000 FLAT	Length= 00000000 External STDCALL
MsgBoxAsk  . . . . . . . . . . .	P Near	 00000000 FLAT	Length= 00000000 External STDCALL
MsgBox . . . . . . . . . . . . .	P Near	 00000000 FLAT	Length= 00000000 External STDCALL
OpenInputFile  . . . . . . . . .	P Near	 00000000 FLAT	Length= 00000000 External STDCALL
ParseDecimal32 . . . . . . . . .	P Near	 00000000 FLAT	Length= 00000000 External STDCALL
ParseInteger32 . . . . . . . . .	P Near	 00000000 FLAT	Length= 00000000 External STDCALL
PeekConsoleInputA  . . . . . . .	P Near	 00000000 FLAT	Length= 00000000 External STDCALL
Random32 . . . . . . . . . . . .	P Near	 00000000 FLAT	Length= 00000000 External STDCALL
RandomRange  . . . . . . . . . .	P Near	 00000000 FLAT	Length= 00000000 External STDCALL
Randomize  . . . . . . . . . . .	P Near	 00000000 FLAT	Length= 00000000 External STDCALL
ReadChar . . . . . . . . . . . .	P Near	 00000000 FLAT	Length= 00000000 External STDCALL
ReadConsoleA . . . . . . . . . .	P Near	 00000000 FLAT	Length= 00000000 External STDCALL
ReadConsoleInputA  . . . . . . .	P Near	 00000000 FLAT	Length= 00000000 External STDCALL
ReadDec  . . . . . . . . . . . .	P Near	 00000000 FLAT	Length= 00000000 External STDCALL
ReadFile . . . . . . . . . . . .	P Near	 00000000 FLAT	Length= 00000000 External STDCALL
ReadFloat  . . . . . . . . . . .	P Near	 00000000 FLAT	Length= 00000000 External STDCALL
ReadFromFile . . . . . . . . . .	P Near	 00000000 FLAT	Length= 00000000 External STDCALL
ReadHex  . . . . . . . . . . . .	P Near	 00000000 FLAT	Length= 00000000 External STDCALL
ReadInt  . . . . . . . . . . . .	P Near	 00000000 FLAT	Length= 00000000 External STDCALL
ReadKeyFlush . . . . . . . . . .	P Near	 00000000 FLAT	Length= 00000000 External STDCALL
ReadKey  . . . . . . . . . . . .	P Near	 00000000 FLAT	Length= 00000000 External STDCALL
ReadString . . . . . . . . . . .	P Near	 00000000 FLAT	Length= 00000000 External STDCALL
ReadVal  . . . . . . . . . . . .	P Near	 00000124 _TEXT	Length= 000000BB Public STDCALL
  validInput . . . . . . . . . .	Byte	 bp - 00000001
  _getInput  . . . . . . . . . .	L Near	 0000012B _TEXT	
  _convertString . . . . . . . .	L Near	 0000016B _TEXT	
  _invalidInput  . . . . . . . .	L Near	 00000189 _TEXT	
  _endProc . . . . . . . . . . .	L Near	 000001D5 _TEXT	
SetConsoleCursorInfo . . . . . .	P Near	 00000000 FLAT	Length= 00000000 External STDCALL
SetConsoleCursorPosition . . . .	P Near	 00000000 FLAT	Length= 00000000 External STDCALL
SetConsoleMode . . . . . . . . .	P Near	 00000000 FLAT	Length= 00000000 External STDCALL
SetConsoleScreenBufferSize . . .	P Near	 00000000 FLAT	Length= 00000000 External STDCALL
SetConsoleTextAttribute  . . . .	P Near	 00000000 FLAT	Length= 00000000 External STDCALL
SetConsoleTitleA . . . . . . . .	P Near	 00000000 FLAT	Length= 00000000 External STDCALL
SetConsoleWindowInfo . . . . . .	P Near	 00000000 FLAT	Length= 00000000 External STDCALL
SetFilePointer . . . . . . . . .	P Near	 00000000 FLAT	Length= 00000000 External STDCALL
SetLocalTime . . . . . . . . . .	P Near	 00000000 FLAT	Length= 00000000 External STDCALL
SetTextColor . . . . . . . . . .	P Near	 00000000 FLAT	Length= 00000000 External STDCALL
ShowFPUStack . . . . . . . . . .	P Near	 00000000 FLAT	Length= 00000000 External STDCALL
Sleep  . . . . . . . . . . . . .	P Near	 00000000 FLAT	Length= 00000000 External STDCALL
StrLength  . . . . . . . . . . .	P Near	 00000000 FLAT	Length= 00000000 External STDCALL
Str_compare  . . . . . . . . . .	P Near	 00000000 FLAT	Length= 00000000 External STDCALL
Str_copy . . . . . . . . . . . .	P Near	 00000000 FLAT	Length= 00000000 External STDCALL
Str_length . . . . . . . . . . .	P Near	 00000000 FLAT	Length= 00000000 External STDCALL
Str_trim . . . . . . . . . . . .	P Near	 00000000 FLAT	Length= 00000000 External STDCALL
Str_ucase  . . . . . . . . . . .	P Near	 00000000 FLAT	Length= 00000000 External STDCALL
SystemTimeToFileTime . . . . . .	P Near	 00000000 FLAT	Length= 00000000 External STDCALL
WaitMsg  . . . . . . . . . . . .	P Near	 00000000 FLAT	Length= 00000000 External STDCALL
WriteBinB  . . . . . . . . . . .	P Near	 00000000 FLAT	Length= 00000000 External STDCALL
WriteBin . . . . . . . . . . . .	P Near	 00000000 FLAT	Length= 00000000 External STDCALL
WriteChar  . . . . . . . . . . .	P Near	 00000000 FLAT	Length= 00000000 External STDCALL
WriteConsoleA  . . . . . . . . .	P Near	 00000000 FLAT	Length= 00000000 External STDCALL
WriteConsoleOutputAttribute  . .	P Near	 00000000 FLAT	Length= 00000000 External STDCALL
WriteConsoleOutputCharacterA . .	P Near	 00000000 FLAT	Length= 00000000 External STDCALL
WriteDec . . . . . . . . . . . .	P Near	 00000000 FLAT	Length= 00000000 External STDCALL
WriteFile  . . . . . . . . . . .	P Near	 00000000 FLAT	Length= 00000000 External STDCALL
WriteFloat . . . . . . . . . . .	P Near	 00000000 FLAT	Length= 00000000 External STDCALL
WriteHexB  . . . . . . . . . . .	P Near	 00000000 FLAT	Length= 00000000 External STDCALL
WriteHex . . . . . . . . . . . .	P Near	 00000000 FLAT	Length= 00000000 External STDCALL
WriteInt . . . . . . . . . . . .	P Near	 00000000 FLAT	Length= 00000000 External STDCALL
WriteStackFrameName  . . . . . .	P Near	 00000000 FLAT	Length= 00000000 External STDCALL
WriteStackFrame  . . . . . . . .	P Near	 00000000 FLAT	Length= 00000000 External STDCALL
WriteString  . . . . . . . . . .	P Near	 00000000 FLAT	Length= 00000000 External STDCALL
WriteToFile  . . . . . . . . . .	P Near	 00000000 FLAT	Length= 00000000 External STDCALL
WriteVal . . . . . . . . . . . .	P Near	 000001DF _TEXT	Length= 0000006F Public STDCALL
  stringLength . . . . . . . . .	DWord	 bp - 00000004
  emptyString  . . . . . . . . .	Byte	 bp - 00000010
  reverseString  . . . . . . . .	Byte	 bp - 0000001C
  _truncate  . . . . . . . . . .	L Near	 000001FE _TEXT	
  _convertNegativeRemainder  . .	L Near	 0000020D _TEXT	
  _buildString . . . . . . . . .	L Near	 0000020F _TEXT	
  _appendNegativeSign  . . . . .	L Near	 00000228 _TEXT	
  _reverseString . . . . . . . .	L Near	 0000022F _TEXT	
  _reverseLoop . . . . . . . . .	L Near	 00000237 _TEXT	
WriteWindowsMsg  . . . . . . . .	P Near	 00000000 FLAT	Length= 00000000 External STDCALL
calculateAverage . . . . . . . .	P Near	 00000312 _TEXT	Length= 00000021 Public STDCALL
  _negativeFloorRounding . . . .	L Near	 0000032B _TEXT	
  _endProc . . . . . . . . . . .	L Near	 0000032C _TEXT	
calculateSum . . . . . . . . . .	P Near	 000002F5 _TEXT	Length= 0000001D Public STDCALL
  _addArrayValues  . . . . . . .	L Near	 00000304 _TEXT	
  _endProc . . . . . . . . . . .	L Near	 0000030D _TEXT	
main . . . . . . . . . . . . . .	P Near	 00000000 _TEXT	Length= 00000124 Public STDCALL
  _introduction  . . . . . . . .	L Near	 00000000 _TEXT	
  _getInputs . . . . . . . . . .	L Near	 0000002C _TEXT	
  _displayNumList  . . . . . . .	L Near	 00000085 _TEXT	
  _lastElement . . . . . . . . .	L Near	 000000AE _TEXT	
  _displaySum  . . . . . . . . .	L Near	 000000B3 _TEXT	
  _displayAverage  . . . . . . .	L Near	 000000E0 _TEXT	
  _goodbye . . . . . . . . . . .	L Near	 00000111 _TEXT	
printf . . . . . . . . . . . . .	P Near	 00000000 FLAT	Length= 00000000 External C
scanf  . . . . . . . . . . . . .	P Near	 00000000 FLAT	Length= 00000000 External C
stringToInt  . . . . . . . . . .	P Near	 0000024E _TEXT	Length= 000000A7 Public STDCALL
  sign . . . . . . . . . . . . .	Byte	 bp - 00000001
  _sign  . . . . . . . . . . . .	L Near	 0000026F _TEXT	
  _explicitPositiveSign  . . . .	L Near	 0000027E _TEXT	
  _negativeSign  . . . . . . . .	L Near	 00000286 _TEXT	
  _leadingZeros  . . . . . . . .	L Near	 00000292 _TEXT	
  _parseDigits . . . . . . . . .	L Near	 0000029D _TEXT	
  _convertToNegative . . . . . .	L Near	 000002CB _TEXT	
  _checkEdgeCases  . . . . . . .	L Near	 000002CF _TEXT	
  _invalidInput  . . . . . . . .	L Near	 000002E1 _TEXT	
  _endProc . . . . . . . . . . .	L Near	 000002EB _TEXT	
wsprintfA  . . . . . . . . . . .	P Near	 00000000 FLAT	Length= 00000000 External C


Symbols:

                N a m e                 Type     Value    Attr

@CodeSize  . . . . . . . . . . .	Number	 00000000h   
@DataSize  . . . . . . . . . . .	Number	 00000000h   
@Interface . . . . . . . . . . .	Number	 00000003h   
@Model . . . . . . . . . . . . .	Number	 00000007h   
@code  . . . . . . . . . . . . .	Text   	 _TEXT
@data  . . . . . . . . . . . . .	Text   	 FLAT
@fardata?  . . . . . . . . . . .	Text   	 FLAT
@fardata . . . . . . . . . . . .	Text   	 FLAT
@stack . . . . . . . . . . . . .	Text   	 FLAT
ALT_MASK . . . . . . . . . . . .	Number	 00000003h   
BUFFER_SIZE  . . . . . . . . . .	Number	 000000FFh   
CAPSLOCK_ON  . . . . . . . . . .	Number	 00000080h   
CREATE_ALWAYS  . . . . . . . . .	Number	 00000002h   
CREATE_NEW . . . . . . . . . . .	Number	 00000001h   
CTRL_MASK  . . . . . . . . . . .	Number	 0000000Ch   
CreateFile . . . . . . . . . . .	Text   	 CreateFileA
DO_NOT_SHARE . . . . . . . . . .	Number	 00000000h   
ENABLE_ECHO_INPUT  . . . . . . .	Number	 00000004h   
ENABLE_LINE_INPUT  . . . . . . .	Number	 00000002h   
ENABLE_MOUSE_INPUT . . . . . . .	Number	 00000010h   
ENABLE_PROCESSED_INPUT . . . . .	Number	 00000001h   
ENABLE_PROCESSED_OUTPUT  . . . .	Number	 00000001h   
ENABLE_WINDOW_INPUT  . . . . . .	Number	 00000008h   
ENABLE_WRAP_AT_EOL_OUTPUT  . . .	Number	 00000002h   
ENHANCED_KEY . . . . . . . . . .	Number	 00000100h   
FALSE  . . . . . . . . . . . . .	Number	 00000000h   
FILE_APPEND_DATA . . . . . . . .	Number	 00000004h   
FILE_ATTRIBUTE_ARCHIVE . . . . .	Number	 00000020h   
FILE_ATTRIBUTE_COMPRESSED  . . .	Number	 00000800h   
FILE_ATTRIBUTE_DEVICE  . . . . .	Number	 00000040h   
FILE_ATTRIBUTE_DIRECTORY . . . .	Number	 00000010h   
FILE_ATTRIBUTE_ENCRYPTED . . . .	Number	 00004000h   
FILE_ATTRIBUTE_HIDDEN  . . . . .	Number	 00000002h   
FILE_ATTRIBUTE_NORMAL  . . . . .	Number	 00000080h   
FILE_ATTRIBUTE_NOT_CONTENT_INDEXED .	Number	 00002000h   
FILE_ATTRIBUTE_OFFLINE . . . . .	Number	 00001000h   
FILE_ATTRIBUTE_READONLY  . . . .	Number	 00000001h   
FILE_ATTRIBUTE_REPARSE_POINT . .	Number	 00000400h   
FILE_ATTRIBUTE_SPARSE_FILE . . .	Number	 00000200h   
FILE_ATTRIBUTE_SYSTEM  . . . . .	Number	 00000004h   
FILE_ATTRIBUTE_TEMPORARY . . . .	Number	 00000100h   
FILE_BEGIN . . . . . . . . . . .	Number	 00000000h   
FILE_CURRENT . . . . . . . . . .	Number	 00000001h   
FILE_DELETE_CHILD  . . . . . . .	Number	 00000040h   
FILE_END . . . . . . . . . . . .	Number	 00000002h   
FILE_READ_DATA . . . . . . . . .	Number	 00000001h   
FILE_SHARE_DELETE  . . . . . . .	Number	 00000004h   
FILE_SHARE_READ  . . . . . . . .	Number	 00000001h   
FILE_SHARE_WRITE . . . . . . . .	Number	 00000002h   
FILE_WRITE_DATA  . . . . . . . .	Number	 00000002h   
FOCUS_EVENT  . . . . . . . . . .	Number	 00000010h   
FORMAT_MESSAGE_ALLOCATE_BUFFER .	Number	 00000100h   
FORMAT_MESSAGE_FROM_SYSTEM . . .	Number	 00001000h   
FormatMessage  . . . . . . . . .	Text   	 FormatMessageA
GENERIC_ALL  . . . . . . . . . .	Number	 10000000h   
GENERIC_EXECUTE  . . . . . . . .	Number	 20000000h   
GENERIC_READ . . . . . . . . . .	Number	 -80000000h   
GENERIC_WRITE  . . . . . . . . .	Number	 40000000h   
GetCommandLine . . . . . . . . .	Text   	 GetCommandLineA
HANDLE . . . . . . . . . . . . .	Text   	 DWORD
HEAP_GENERATE_EXCEPTIONS . . . .	Number	 00000004h   
HEAP_GROWABLE  . . . . . . . . .	Number	 00000002h   
HEAP_NO_SERIALIZE  . . . . . . .	Number	 00000001h   
HEAP_REALLOC_IN_PLACE_ONLY . . .	Number	 00000010h   
HEAP_ZERO_MEMORY . . . . . . . .	Number	 00000008h   
IDABORT  . . . . . . . . . . . .	Number	 00000003h   
IDCANCEL . . . . . . . . . . . .	Number	 00000002h   
IDCLOSE  . . . . . . . . . . . .	Number	 00000008h   
IDCONTINUE . . . . . . . . . . .	Number	 0000000Bh   
IDHELP . . . . . . . . . . . . .	Number	 00000009h   
IDIGNORE . . . . . . . . . . . .	Number	 00000005h   
IDNO . . . . . . . . . . . . . .	Number	 00000007h   
IDOK . . . . . . . . . . . . . .	Number	 00000001h   
IDRETRY  . . . . . . . . . . . .	Number	 00000004h   
IDTIMEOUT  . . . . . . . . . . .	Number	 00007D00h   
IDTRYAGAIN . . . . . . . . . . .	Number	 0000000Ah   
IDYES  . . . . . . . . . . . . .	Number	 00000006h   
INTEGER_COUNT  . . . . . . . . .	Number	 0000000Ah   
INVALID_HANDLE_VALUE . . . . . .	Number	 -00000001h   
KBDOWN_FLAG  . . . . . . . . . .	Number	 00000001h   
KEY_EVENT  . . . . . . . . . . .	Number	 00000001h   
KEY_MASKS  . . . . . . . . . . .	Number	 0000001Fh   
LEFT_ALT_PRESSED . . . . . . . .	Number	 00000002h   
LEFT_CTRL_PRESSED  . . . . . . .	Number	 00000008h   
MB_ABORTRETRYIGNORE  . . . . . .	Number	 00000002h   
MB_APPLMODAL . . . . . . . . . .	Number	 00000000h   
MB_CANCELTRYCONTINUE . . . . . .	Number	 00000006h   
MB_DEFBUTTON1  . . . . . . . . .	Number	 00000000h   
MB_DEFBUTTON2  . . . . . . . . .	Number	 00000100h   
MB_DEFBUTTON3  . . . . . . . . .	Number	 00000200h   
MB_DEFBUTTON4  . . . . . . . . .	Number	 00000300h   
MB_HELP  . . . . . . . . . . . .	Number	 00004000h   
MB_ICONASTERISK  . . . . . . . .	Number	 00000040h   
MB_ICONERROR . . . . . . . . . .	Number	 00000010h   
MB_ICONEXCLAMATION . . . . . . .	Number	 00000030h   
MB_ICONHAND  . . . . . . . . . .	Number	 00000010h   
MB_ICONINFORMATION . . . . . . .	Number	 00000040h   
MB_ICONQUESTION  . . . . . . . .	Number	 00000020h   
MB_ICONSTOP  . . . . . . . . . .	Number	 00000010h   
MB_ICONWARNING . . . . . . . . .	Number	 00000030h   
MB_OKCANCEL  . . . . . . . . . .	Number	 00000001h   
MB_OK  . . . . . . . . . . . . .	Number	 00000000h   
MB_RETRYCANCEL . . . . . . . . .	Number	 00000005h   
MB_SYSTEMMODAL . . . . . . . . .	Number	 00001000h   
MB_TASKMODAL . . . . . . . . . .	Number	 00002000h   
MB_USERICON  . . . . . . . . . .	Number	 00000080h   
MB_YESNOCANCEL . . . . . . . . .	Number	 00000003h   
MB_YESNO . . . . . . . . . . . .	Number	 00000004h   
MENU_EVENT . . . . . . . . . . .	Number	 00000008h   
MOUSE_EVENT  . . . . . . . . . .	Number	 00000002h   
MessageBox . . . . . . . . . . .	Text   	 MessageBoxA
NULL . . . . . . . . . . . . . .	Number	 00000000h   
NUMLOCK_ON . . . . . . . . . . .	Number	 00000020h   
OPEN_ALWAYS  . . . . . . . . . .	Number	 00000004h   
OPEN_EXISTING  . . . . . . . . .	Number	 00000003h   
PeekConsoleInput . . . . . . . .	Text   	 PeekConsoleInputA
RIGHT_ALT_PRESSED  . . . . . . .	Number	 00000001h   
RIGHT_CTRL_PRESSED . . . . . . .	Number	 00000004h   
ReadConsoleInput . . . . . . . .	Text   	 ReadConsoleInputA
ReadConsole  . . . . . . . . . .	Text   	 ReadConsoleA
SCROLLLOCK_ON  . . . . . . . . .	Number	 00000040h   
SHIFT_MASK . . . . . . . . . . .	Number	 00000010h   
SHIFT_PRESSED  . . . . . . . . .	Number	 00000010h   
STD_ERROR_HANDLE . . . . . . . .	Number	 -0000000Ch   
STD_INPUT_HANDLE . . . . . . . .	Number	 -0000000Ah   
STD_OUTPUT_HANDLE  . . . . . . .	Number	 -0000000Bh   
SetConsoleTitle  . . . . . . . .	Text   	 SetConsoleTitleA
TAB  . . . . . . . . . . . . . .	Number	 00000009h   
TRUE . . . . . . . . . . . . . .	Number	 00000001h   
TRUNCATE_EXISTING  . . . . . . .	Number	 00000005h   
VK_11  . . . . . . . . . . . . .	Number	 000000BDh   
VK_12  . . . . . . . . . . . . .	Number	 000000BBh   
VK_ADD . . . . . . . . . . . . .	Number	 0000006Bh   
VK_BACK  . . . . . . . . . . . .	Number	 00000008h   
VK_CANCEL  . . . . . . . . . . .	Number	 00000003h   
VK_CAPITAL . . . . . . . . . . .	Number	 00000014h   
VK_CLEAR . . . . . . . . . . . .	Number	 0000000Ch   
VK_CONTROL . . . . . . . . . . .	Number	 00000011h   
VK_DECIMAL . . . . . . . . . . .	Number	 0000006Eh   
VK_DELETE  . . . . . . . . . . .	Number	 0000002Eh   
VK_DIVIDE  . . . . . . . . . . .	Number	 0000006Fh   
VK_DOWN  . . . . . . . . . . . .	Number	 00000028h   
VK_END . . . . . . . . . . . . .	Number	 00000023h   
VK_ESCAPE  . . . . . . . . . . .	Number	 0000001Bh   
VK_EXECUTE . . . . . . . . . . .	Number	 0000002Bh   
VK_F10 . . . . . . . . . . . . .	Number	 00000079h   
VK_F11 . . . . . . . . . . . . .	Number	 0000007Ah   
VK_F12 . . . . . . . . . . . . .	Number	 0000007Bh   
VK_F13 . . . . . . . . . . . . .	Number	 0000007Ch   
VK_F14 . . . . . . . . . . . . .	Number	 0000007Dh   
VK_F15 . . . . . . . . . . . . .	Number	 0000007Eh   
VK_F16 . . . . . . . . . . . . .	Number	 0000007Fh   
VK_F17 . . . . . . . . . . . . .	Number	 00000080h   
VK_F18 . . . . . . . . . . . . .	Number	 00000081h   
VK_F19 . . . . . . . . . . . . .	Number	 00000082h   
VK_F1  . . . . . . . . . . . . .	Number	 00000070h   
VK_F20 . . . . . . . . . . . . .	Number	 00000083h   
VK_F21 . . . . . . . . . . . . .	Number	 00000084h   
VK_F22 . . . . . . . . . . . . .	Number	 00000085h   
VK_F23 . . . . . . . . . . . . .	Number	 00000086h   
VK_F24 . . . . . . . . . . . . .	Number	 00000087h   
VK_F2  . . . . . . . . . . . . .	Number	 00000071h   
VK_F3  . . . . . . . . . . . . .	Number	 00000072h   
VK_F4  . . . . . . . . . . . . .	Number	 00000073h   
VK_F5  . . . . . . . . . . . . .	Number	 00000074h   
VK_F6  . . . . . . . . . . . . .	Number	 00000075h   
VK_F7  . . . . . . . . . . . . .	Number	 00000076h   
VK_F8  . . . . . . . . . . . . .	Number	 00000077h   
VK_F9  . . . . . . . . . . . . .	Number	 00000078h   
VK_HELP  . . . . . . . . . . . .	Number	 0000002Fh   
VK_HOME  . . . . . . . . . . . .	Number	 00000024h   
VK_INSERT  . . . . . . . . . . .	Number	 0000002Dh   
VK_LBUTTON . . . . . . . . . . .	Number	 00000001h   
VK_LCONTROL  . . . . . . . . . .	Number	 000000A2h   
VK_LEFT  . . . . . . . . . . . .	Number	 00000025h   
VK_LMENU . . . . . . . . . . . .	Number	 000000A4h   
VK_LSHIFT  . . . . . . . . . . .	Number	 000000A0h   
VK_MENU  . . . . . . . . . . . .	Number	 00000012h   
VK_MULTIPLY  . . . . . . . . . .	Number	 0000006Ah   
VK_NEXT  . . . . . . . . . . . .	Number	 00000022h   
VK_NUMLOCK . . . . . . . . . . .	Number	 00000090h   
VK_NUMPAD0 . . . . . . . . . . .	Number	 00000060h   
VK_NUMPAD1 . . . . . . . . . . .	Number	 00000061h   
VK_NUMPAD2 . . . . . . . . . . .	Number	 00000062h   
VK_NUMPAD3 . . . . . . . . . . .	Number	 00000063h   
VK_NUMPAD4 . . . . . . . . . . .	Number	 00000064h   
VK_NUMPAD5 . . . . . . . . . . .	Number	 00000065h   
VK_NUMPAD6 . . . . . . . . . . .	Number	 00000066h   
VK_NUMPAD7 . . . . . . . . . . .	Number	 00000067h   
VK_NUMPAD8 . . . . . . . . . . .	Number	 00000068h   
VK_NUMPAD9 . . . . . . . . . . .	Number	 00000069h   
VK_PAUSE . . . . . . . . . . . .	Number	 00000013h   
VK_PRINT . . . . . . . . . . . .	Number	 0000002Ah   
VK_PRIOR . . . . . . . . . . . .	Number	 00000021h   
VK_RBUTTON . . . . . . . . . . .	Number	 00000002h   
VK_RCONTROL  . . . . . . . . . .	Number	 000000A3h   
VK_RETURN  . . . . . . . . . . .	Number	 0000000Dh   
VK_RIGHT . . . . . . . . . . . .	Number	 00000027h   
VK_RMENU . . . . . . . . . . . .	Number	 000000A5h   
VK_RSHIFT  . . . . . . . . . . .	Number	 000000A1h   
VK_SCROLL  . . . . . . . . . . .	Number	 00000091h   
VK_SEPARATER . . . . . . . . . .	Number	 0000006Ch   
VK_SHIFT . . . . . . . . . . . .	Number	 00000010h   
VK_SNAPSHOT  . . . . . . . . . .	Number	 0000002Ch   
VK_SPACE . . . . . . . . . . . .	Number	 00000020h   
VK_SUBTRACT  . . . . . . . . . .	Number	 0000006Dh   
VK_TAB . . . . . . . . . . . . .	Number	 00000009h   
VK_UP  . . . . . . . . . . . . .	Number	 00000026h   
WINDOW_BUFFER_SIZE_EVENT . . . .	Number	 00000004h   
WriteConsoleOutputCharacter  . .	Text   	 WriteConsoleOutputCharacterA
WriteConsole . . . . . . . . . .	Text   	 WriteConsoleA
averageString  . . . . . . . . .	Byte	 000001EE _DATA	
average  . . . . . . . . . . . .	DWord	 0000044F _DATA	
black  . . . . . . . . . . . . .	Number	 00000000h   
blue . . . . . . . . . . . . . .	Number	 00000001h   
brown  . . . . . . . . . . . . .	Number	 00000006h   
bytesRead  . . . . . . . . . . .	DWord	 00000320 _DATA	
comma  . . . . . . . . . . . . .	Byte	 00000455 _DATA	
cyan . . . . . . . . . . . . . .	Number	 00000003h   
description  . . . . . . . . . .	Byte	 00000042 _DATA	
error  . . . . . . . . . . . . .	Byte	 00000152 _DATA	
exit . . . . . . . . . . . . . .	Text   	 INVOKE ExitProcess,0
goodbye  . . . . . . . . . . . .	Byte	 00000207 _DATA	
gray . . . . . . . . . . . . . .	Number	 00000008h   
green  . . . . . . . . . . . . .	Number	 00000002h   
inputInt . . . . . . . . . . . .	DWord	 0000031C _DATA	
inputString  . . . . . . . . . .	Byte	 0000021D _DATA	
intString  . . . . . . . . . . .	Byte	 0000034C _DATA	
lightBlue  . . . . . . . . . . .	Number	 00000009h   
lightCyan  . . . . . . . . . . .	Number	 0000000Bh   
lightGray  . . . . . . . . . . .	Number	 00000007h   
lightGreen . . . . . . . . . . .	Number	 0000000Ah   
lightMagenta . . . . . . . . . .	Number	 0000000Dh   
lightRed . . . . . . . . . . . .	Number	 0000000Ch   
magenta  . . . . . . . . . . . .	Number	 00000005h   
numListString  . . . . . . . . .	Byte	 000001AB _DATA	
period . . . . . . . . . . . . .	Byte	 00000457 _DATA	
programTitle . . . . . . . . . .	Byte	 00000000 _DATA	
prompt . . . . . . . . . . . . .	Byte	 00000133 _DATA	
red  . . . . . . . . . . . . . .	Number	 00000004h   
retryPrompt  . . . . . . . . . .	Byte	 00000198 _DATA	
space  . . . . . . . . . . . . .	Byte	 00000453 _DATA	
sumString  . . . . . . . . . . .	Byte	 000001D0 _DATA	
sum  . . . . . . . . . . . . . .	DWord	 0000044B _DATA	
userIntegers . . . . . . . . . .	DWord	 00000324 _DATA	
validInputCount  . . . . . . . .	DWord	 00000459 _DATA	
white  . . . . . . . . . . . . .	Number	 0000000Fh   
wsprintf . . . . . . . . . . . .	Text   	 wsprintfA
yellow . . . . . . . . . . . . .	Number	 0000000Eh   

	   0 Warnings
	   0 Errors
